<html>
<body>
<pre>
<h1>µVision Build Log</h1>
<h2>Tool Versions:</h2>
IDE-Version: µVision V5.24.2.0
Copyright (C) 2017 ARM Ltd and ARM Germany GmbH. All rights reserved.
License Information: Sergey Potapov, Home, LIC=----
 
Tool Versions:
Toolchain:       MDK-Lite  Version: 5.24.1
Toolchain Path:  C:\Keil_v5\ARM\ARMCC\Bin
C Compiler:      Armcc.exe V5.06 update 5 (build 528)
Assembler:       Armasm.exe V5.06 update 5 (build 528)
Linker/Locator:  ArmLink.exe V5.06 update 5 (build 528)
Library Manager: ArmAr.exe V5.06 update 5 (build 528)
Hex Converter:   FromElf.exe V5.06 update 5 (build 528)
CPU DLL:         SARMCM3.DLL V5.24.1
Dialog DLL:      DCM.DLL V1.16.0.0
Target DLL:      STLink\ST-LINKIII-KEIL_SWO.dll V3.0.1.0
Dialog DLL:      TCM.DLL V1.32.0.0
 
<h2>Project:</h2>
E:\Projects\2017\vem_STM32\vem_STM32\MDK-ARM\vem_STM32.uvprojx
Project File Date:  10/22/2017

<h2>Output:</h2>
*** Using Compiler 'V5.06 update 5 (build 528)', folder: 'C:\Keil_v5\ARM\ARMCC\Bin'
Build target 'vem_STM32'
compiling vem_stm32.c...
vem_stm32.c(4): warning:  #223-D: function "Timer16Alloc" declared implicitly
  	testTimer = Timer16Alloc();
vem_stm32.c(5): warning:  #223-D: function "StartTimer16" declared implicitly
  		StartTimer16(testTimer,100);
vem_stm32.c(9): warning:  #223-D: function "Timer16Stopp" declared implicitly
  		if(Timer16Stopp(testTimer)){
vem_stm32.c(11): warning:  #223-D: function "StartTimer16" declared implicitly
  			StartTimer16(testTimer,20);
vem_stm32.c: 4 warnings, 0 errors
compiling main.c...
..\PLC\time_vega.h(377): warning:  #186-D: pointless comparison of unsigned integer with zero
  		 
imer8AllocErr() || Timer16AllocErr() || Timer32AllocErr() );
..\PLC\time_vega.h(377): warning:  #186-D: pointless comparison of unsigned integer with zero
  		 
imer8AllocErr() || 
imer16AllocErr() || Timer32AllocErr() );
..\PLC\time_vega.h(377): warning:  #186-D: pointless comparison of unsigned integer with zero
  		 
imer8AllocErr() || 
imer16AllocErr() || 
imer32AllocErr() );
../Src/main.c: 3 warnings, 0 errors
linking...
Program Size: Code=3112 RO-data=284 RW-data=56 ZI-data=1128  
"vem_STM32\vem_STM32.axf" - 0 Error(s), 7 Warning(s).

<h2>Software Packages used:</h2>

Package Vendor: ARM
                http://www.keil.com/pack/ARM.CMSIS.5.0.1.pack
                ARM.CMSIS.5.0.1
                CMSIS (Cortex Microcontroller Software Interface Standard)
   * Component: CORE Version: 5.0.1

Package Vendor: Keil
                http://www.keil.com/pack/Keil.STM32F1xx_DFP.2.2.0.pack
                Keil.STM32F1xx_DFP.2.2.0
                STMicroelectronics STM32F1 Series Device Support, Drivers and Examples

<h2>Collection of Component include folders:</h2>
  .\RTE\_vem_STM32
  C:\Keil_v5\ARM\PACK\ARM\CMSIS\5.0.1\CMSIS\Include
  C:\Keil_v5\ARM\PACK\Keil\STM32F1xx_DFP\2.2.0\Device\Include

<h2>Collection of Component Files used:</h2>

   * Component: ARM::CMSIS:CORE:5.0.1
Build Time Elapsed:  00:00:01
</pre>
</body>
</html>
